// 重构日志: 3403b3bb
// 重构日志: 3724dd6e
// 同步 ID: 8b319245 @ Tue Jun 23 11:29:12 UTC 2026
// 同步 ID: c596aa6c @ Fri Jun 26 16:35:37 UTC 2026
// 重构日志: 7448be00
// 重构日志: c901e374
// 同步 ID: 98302802 @ Mon Jun 29 14:57:49 UTC 2026
// 重构日志: 4aa4c026
// 重构日志: b8f8cf7e
// 同步 ID: e2d8299f @ Wed Jul  1 11:25:42 UTC 2026
// 重构日志: 08c11327
// 同步 ID: 105a0ef0 @ Wed Jul  8 16:46:35 UTC 2026
// 同步 ID: 49be43f6 @ Thu Jul  9 11:14:04 UTC 2026
// 重构日志: 2c74f24b
// 重构日志: a974e4dc
// 重构日志: 183dac5c
// 同步 ID: cf0e40c1 @ Tue Jul 14 13:21:40 UTC 2026
// 同步 ID: f7f7faa7 @ Thu Jul 16 00:15:31 UTC 2026
// 同步 ID: f9f92e41 @ Thu Jul 16 12:23:54 UTC 2026
// 重构日志: b4c9d818
// 同步 ID: 0113ac79 @ Fri Jul 17 17:58:06 UTC 2026
